<?xml version="1.0" encoding="utf-8"?>
<TestRun id="b6e8dff1-994a-4f1f-af3e-9d3e926aa3e4" name="@nucleus-OptiPlex-7050 2019-12-06 15:11:26" xmlns="http://microsoft.com/schemas/VisualStudio/TeamTest/2010">
  <Times creation="2019-12-06T15:11:26.7020069+06:00" queuing="2019-12-06T15:11:26.7020070+06:00" start="2019-12-06T15:11:25.7339449+06:00" finish="2019-12-06T15:11:26.7083729+06:00" />
  <TestSettings name="default" id="b37a77cb-ae06-4c8d-a3de-3679a5c204b4">
    <Deployment runDeploymentRoot="_nucleus-OptiPlex-7050_2019-12-06_15_11_26" />
  </TestSettings>
  <Results>
    <UnitTestResult executionId="cabd37c0-a919-4743-a6ea-0410a957cc0e" testId="be72618c-c9fa-eb33-1440-d650a9aec873" testName="TestMethod1" computerName="nucleus-OptiPlex-7050" duration="00:00:00.0071483" startTime="2019-12-06T15:11:26.5254266+06:00" endTime="2019-12-06T15:11:26.5551816+06:00" testType="13cdc9d9-ddb5-4fa4-a97d-d965ccfc6d4b" outcome="Passed" testListId="8c84fa94-04c1-424b-9868-57a2d4851a1d" relativeResultsDirectory="cabd37c0-a919-4743-a6ea-0410a957cc0e">
      <Output>
        <StdOut>Lalu</StdOut>
      </Output>
    </UnitTestResult>
  </Results>
  <TestDefinitions>
    <UnitTest name="TestMethod1" storage="/home/nucleus/devops projects/netcore-api/api.test/bin/debug/netcoreapp2.1/api.test.dll" id="be72618c-c9fa-eb33-1440-d650a9aec873">
      <Execution id="cabd37c0-a919-4743-a6ea-0410a957cc0e" />
      <TestMethod codeBase="/home/nucleus/DevOps Projects/netcore-api/Api.Test/bin/Debug/netcoreapp2.1/Api.Test.dll" adapterTypeName="executor://mstestadapter/v2" className="Api.Test.UnitTest1" name="TestMethod1" />
    </UnitTest>
  </TestDefinitions>
  <TestEntries>
    <TestEntry testId="be72618c-c9fa-eb33-1440-d650a9aec873" executionId="cabd37c0-a919-4743-a6ea-0410a957cc0e" testListId="8c84fa94-04c1-424b-9868-57a2d4851a1d" />
  </TestEntries>
  <TestLists>
    <TestList name="Results Not in a List" id="8c84fa94-04c1-424b-9868-57a2d4851a1d" />
    <TestList name="All Loaded Results" id="19431567-8539-422a-85d7-44ee4e166bda" />
  </TestLists>
  <ResultSummary outcome="Completed">
    <Counters total="1" executed="1" passed="1" failed="0" error="0" timeout="0" aborted="0" inconclusive="0" passedButRunAborted="0" notRunnable="0" notExecuted="0" disconnected="0" warning="0" completed="0" inProgress="0" pending="0" />
  </ResultSummary>
</TestRun>